Determining if the include file sys/sdt.h exists failed with the following output:
Change Dir: /home/vitaliy/scand/build/CMakeFiles/CMakeScratch/TryCompile-F1ciu0

Run Build Command(s):/usr/bin/gmake -f Makefile cmTC_1a652/fast && /usr/bin/gmake  -f CMakeFiles/cmTC_1a652.dir/build.make CMakeFiles/cmTC_1a652.dir/build
gmake[1]: вход в каталог «/home/vitaliy/scand/build/CMakeFiles/CMakeScratch/TryCompile-F1ciu0»
Building C object CMakeFiles/cmTC_1a652.dir/CheckIncludeFile.c.o
/usr/bin/cc   -std=c11 -o CMakeFiles/cmTC_1a652.dir/CheckIncludeFile.c.o -c /home/vitaliy/scand/build/CMakeFiles/CMakeScratch/TryCompile-F1ciu0/CheckIncludeFile.c
/home/vitaliy/scand/build/CMakeFiles/CMakeScratch/TryCompile-F1ciu0/CheckIncludeFile.c:1:10: fatal error: sys/sdt.h: Нет такого файла или каталога
    1 | #include <sys/sdt.h>
      |          ^~~~~~~~~~~
compilation terminated.
gmake[1]: *** [CMakeFiles/cmTC_1a652.dir/build.make:78: CMakeFiles/cmTC_1a652.dir/CheckIncludeFile.c.o] Ошибка 1
gmake[1]: выход из каталога «/home/vitaliy/scand/build/CMakeFiles/CMakeScratch/TryCompile-F1ciu0»
gmake: *** [Makefile:127: cmTC_1a652/fast] Ошибка 2



Determining if the function connect exists in the socket failed with the following output:
Change Dir: /home/vitaliy/scand/build/CMakeFiles/CMakeScratch/TryCompile-VdsDFX

Run Build Command(s):/usr/bin/gmake -f Makefile cmTC_58ecd/fast && /usr/bin/gmake  -f CMakeFiles/cmTC_58ecd.dir/build.make CMakeFiles/cmTC_58ecd.dir/build
gmake[1]: вход в каталог «/home/vitaliy/scand/build/CMakeFiles/CMakeScratch/TryCompile-VdsDFX»
Building C object CMakeFiles/cmTC_58ecd.dir/CheckFunctionExists.c.o
/usr/bin/cc   -Werror-implicit-function-declaration -W -Wall -pedantic -Wbad-function-cast -Wconversion -Wmissing-declarations -Wmissing-prototypes -Wnested-externs -Wno-long-long -Wno-multichar -Wpointer-arith -Wshadow -Wsign-compare -Wundef -Wunused -Wwrite-strings -Waddress -Wattributes -Wcast-align -Wcast-qual -Wdeclaration-after-statement -Wdiv-by-zero -Wempty-body -Wendif-labels -Wfloat-equal -Wformat-security -Wignored-qualifiers -Wmissing-field-initializers -Wmissing-noreturn -Wno-format-nonliteral -Wno-sign-conversion -Wno-system-headers -Wold-style-definition -Wredundant-decls -Wstrict-prototypes -Wtype-limits -Wunreachable-code -Wunused-parameter -Wvla -Wclobbered -Wmissing-parameter-type -Wold-style-declaration -Wpragmas -Wstrict-aliasing=3 -ftree-vrp -Wjump-misses-init -Wdouble-promotion -Wformat=2 -Wtrampolines -Warray-bounds=2 -Wduplicated-cond -Wnull-dereference -fdelete-null-pointer-checks -Wshift-negative-value -Wshift-overflow=2 -Wunused-const-variable -Walloc-zero -Wduplicated-branches -Wformat-truncation=2 -Wimplicit-fallthrough -Wrestrict -Warith-conversion -Wenum-conversion -D_GNU_SOURCE -DCHECK_FUNCTION_EXISTS=connect -o CMakeFiles/cmTC_58ecd.dir/CheckFunctionExists.c.o -c /home/vitaliy/scand/build/CMakeFiles/CMakeScratch/TryCompile-VdsDFX/CheckFunctionExists.c
Linking C executable cmTC_58ecd
/usr/bin/cmake -E cmake_link_script CMakeFiles/cmTC_58ecd.dir/link.txt --verbose=1
/usr/bin/cc  -Werror-implicit-function-declaration -W -Wall -pedantic -Wbad-function-cast -Wconversion -Wmissing-declarations -Wmissing-prototypes -Wnested-externs -Wno-long-long -Wno-multichar -Wpointer-arith -Wshadow -Wsign-compare -Wundef -Wunused -Wwrite-strings -Waddress -Wattributes -Wcast-align -Wcast-qual -Wdeclaration-after-statement -Wdiv-by-zero -Wempty-body -Wendif-labels -Wfloat-equal -Wformat-security -Wignored-qualifiers -Wmissing-field-initializers -Wmissing-noreturn -Wno-format-nonliteral -Wno-sign-conversion -Wno-system-headers -Wold-style-definition -Wredundant-decls -Wstrict-prototypes -Wtype-limits -Wunreachable-code -Wunused-parameter -Wvla -Wclobbered -Wmissing-parameter-type -Wold-style-declaration -Wpragmas -Wstrict-aliasing=3 -ftree-vrp -Wjump-misses-init -Wdouble-promotion -Wformat=2 -Wtrampolines -Warray-bounds=2 -Wduplicated-cond -Wnull-dereference -fdelete-null-pointer-checks -Wshift-negative-value -Wshift-overflow=2 -Wunused-const-variable -Walloc-zero -Wduplicated-branches -Wformat-truncation=2 -Wimplicit-fallthrough -Wrestrict -Warith-conversion -Wenum-conversion -D_GNU_SOURCE -DCHECK_FUNCTION_EXISTS=connect CMakeFiles/cmTC_58ecd.dir/CheckFunctionExists.c.o -o cmTC_58ecd  -lsocket 
/usr/bin/ld: невозможно найти -lsocket: Нет такого файла или каталога
collect2: error: ld returned 1 exit status
gmake[1]: *** [CMakeFiles/cmTC_58ecd.dir/build.make:99: cmTC_58ecd] Ошибка 1
gmake[1]: выход из каталога «/home/vitaliy/scand/build/CMakeFiles/CMakeScratch/TryCompile-VdsDFX»
gmake: *** [Makefile:127: cmTC_58ecd/fast] Ошибка 2



Determining if the OPENSSL_IS_BORINGSSL exist failed with the following output:
Change Dir: /home/vitaliy/scand/build/CMakeFiles/CMakeScratch/TryCompile-j8qvuy

Run Build Command(s):/usr/bin/gmake -f Makefile cmTC_265ca/fast && /usr/bin/gmake  -f CMakeFiles/cmTC_265ca.dir/build.make CMakeFiles/cmTC_265ca.dir/build
gmake[1]: вход в каталог «/home/vitaliy/scand/build/CMakeFiles/CMakeScratch/TryCompile-j8qvuy»
Building C object CMakeFiles/cmTC_265ca.dir/CheckSymbolExists.c.o
/usr/bin/cc   -Werror-implicit-function-declaration -W -Wall -pedantic -Wbad-function-cast -Wconversion -Wmissing-declarations -Wmissing-prototypes -Wnested-externs -Wno-long-long -Wno-multichar -Wpointer-arith -Wshadow -Wsign-compare -Wundef -Wunused -Wwrite-strings -Waddress -Wattributes -Wcast-align -Wcast-qual -Wdeclaration-after-statement -Wdiv-by-zero -Wempty-body -Wendif-labels -Wfloat-equal -Wformat-security -Wignored-qualifiers -Wmissing-field-initializers -Wmissing-noreturn -Wno-format-nonliteral -Wno-sign-conversion -Wno-system-headers -Wold-style-definition -Wredundant-decls -Wstrict-prototypes -Wtype-limits -Wunreachable-code -Wunused-parameter -Wvla -Wclobbered -Wmissing-parameter-type -Wold-style-declaration -Wpragmas -Wstrict-aliasing=3 -ftree-vrp -Wjump-misses-init -Wdouble-promotion -Wformat=2 -Wtrampolines -Warray-bounds=2 -Wduplicated-cond -Wnull-dereference -fdelete-null-pointer-checks -Wshift-negative-value -Wshift-overflow=2 -Wunused-const-variable -Walloc-zero -Wduplicated-branches -Wformat-truncation=2 -Wimplicit-fallthrough -Wrestrict -Warith-conversion -Wenum-conversion -D_GNU_SOURCE  -o CMakeFiles/cmTC_265ca.dir/CheckSymbolExists.c.o -c /home/vitaliy/scand/build/CMakeFiles/CMakeScratch/TryCompile-j8qvuy/CheckSymbolExists.c
/home/vitaliy/scand/build/CMakeFiles/CMakeScratch/TryCompile-j8qvuy/CheckSymbolExists.c:2:10: fatal error: openssl/base.h: Нет такого файла или каталога
    2 | #include <openssl/base.h>
      |          ^~~~~~~~~~~~~~~~
compilation terminated.
gmake[1]: *** [CMakeFiles/cmTC_265ca.dir/build.make:78: CMakeFiles/cmTC_265ca.dir/CheckSymbolExists.c.o] Ошибка 1
gmake[1]: выход из каталога «/home/vitaliy/scand/build/CMakeFiles/CMakeScratch/TryCompile-j8qvuy»
gmake: *** [Makefile:127: cmTC_265ca/fast] Ошибка 2


File CheckSymbolExists.c:
/* */
#include <openssl/base.h>

int main(int argc, char** argv)
{
  (void)argv;
#ifndef OPENSSL_IS_BORINGSSL
  return ((int*)(&OPENSSL_IS_BORINGSSL))[argc];
#else
  (void)argc;
  return 0;
#endif
}
Determining if the OPENSSL_IS_AWSLC exist failed with the following output:
Change Dir: /home/vitaliy/scand/build/CMakeFiles/CMakeScratch/TryCompile-emMLok

Run Build Command(s):/usr/bin/gmake -f Makefile cmTC_8a031/fast && /usr/bin/gmake  -f CMakeFiles/cmTC_8a031.dir/build.make CMakeFiles/cmTC_8a031.dir/build
gmake[1]: вход в каталог «/home/vitaliy/scand/build/CMakeFiles/CMakeScratch/TryCompile-emMLok»
Building C object CMakeFiles/cmTC_8a031.dir/CheckSymbolExists.c.o
/usr/bin/cc   -Werror-implicit-function-declaration -W -Wall -pedantic -Wbad-function-cast -Wconversion -Wmissing-declarations -Wmissing-prototypes -Wnested-externs -Wno-long-long -Wno-multichar -Wpointer-arith -Wshadow -Wsign-compare -Wundef -Wunused -Wwrite-strings -Waddress -Wattributes -Wcast-align -Wcast-qual -Wdeclaration-after-statement -Wdiv-by-zero -Wempty-body -Wendif-labels -Wfloat-equal -Wformat-security -Wignored-qualifiers -Wmissing-field-initializers -Wmissing-noreturn -Wno-format-nonliteral -Wno-sign-conversion -Wno-system-headers -Wold-style-definition -Wredundant-decls -Wstrict-prototypes -Wtype-limits -Wunreachable-code -Wunused-parameter -Wvla -Wclobbered -Wmissing-parameter-type -Wold-style-declaration -Wpragmas -Wstrict-aliasing=3 -ftree-vrp -Wjump-misses-init -Wdouble-promotion -Wformat=2 -Wtrampolines -Warray-bounds=2 -Wduplicated-cond -Wnull-dereference -fdelete-null-pointer-checks -Wshift-negative-value -Wshift-overflow=2 -Wunused-const-variable -Walloc-zero -Wduplicated-branches -Wformat-truncation=2 -Wimplicit-fallthrough -Wrestrict -Warith-conversion -Wenum-conversion -D_GNU_SOURCE  -o CMakeFiles/cmTC_8a031.dir/CheckSymbolExists.c.o -c /home/vitaliy/scand/build/CMakeFiles/CMakeScratch/TryCompile-emMLok/CheckSymbolExists.c
/home/vitaliy/scand/build/CMakeFiles/CMakeScratch/TryCompile-emMLok/CheckSymbolExists.c:2:10: fatal error: openssl/base.h: Нет такого файла или каталога
    2 | #include <openssl/base.h>
      |          ^~~~~~~~~~~~~~~~
compilation terminated.
gmake[1]: *** [CMakeFiles/cmTC_8a031.dir/build.make:78: CMakeFiles/cmTC_8a031.dir/CheckSymbolExists.c.o] Ошибка 1
gmake[1]: выход из каталога «/home/vitaliy/scand/build/CMakeFiles/CMakeScratch/TryCompile-emMLok»
gmake: *** [Makefile:127: cmTC_8a031/fast] Ошибка 2


File CheckSymbolExists.c:
/* */
#include <openssl/base.h>

int main(int argc, char** argv)
{
  (void)argv;
#ifndef OPENSSL_IS_AWSLC
  return ((int*)(&OPENSSL_IS_AWSLC))[argc];
#else
  (void)argc;
  return 0;
#endif
}
Determining if the LIBRESSL_VERSION_NUMBER exist failed with the following output:
Change Dir: /home/vitaliy/scand/build/CMakeFiles/CMakeScratch/TryCompile-VxMrP7

Run Build Command(s):/usr/bin/gmake -f Makefile cmTC_990e8/fast && /usr/bin/gmake  -f CMakeFiles/cmTC_990e8.dir/build.make CMakeFiles/cmTC_990e8.dir/build
gmake[1]: вход в каталог «/home/vitaliy/scand/build/CMakeFiles/CMakeScratch/TryCompile-VxMrP7»
Building C object CMakeFiles/cmTC_990e8.dir/CheckSymbolExists.c.o
/usr/bin/cc   -Werror-implicit-function-declaration -W -Wall -pedantic -Wbad-function-cast -Wconversion -Wmissing-declarations -Wmissing-prototypes -Wnested-externs -Wno-long-long -Wno-multichar -Wpointer-arith -Wshadow -Wsign-compare -Wundef -Wunused -Wwrite-strings -Waddress -Wattributes -Wcast-align -Wcast-qual -Wdeclaration-after-statement -Wdiv-by-zero -Wempty-body -Wendif-labels -Wfloat-equal -Wformat-security -Wignored-qualifiers -Wmissing-field-initializers -Wmissing-noreturn -Wno-format-nonliteral -Wno-sign-conversion -Wno-system-headers -Wold-style-definition -Wredundant-decls -Wstrict-prototypes -Wtype-limits -Wunreachable-code -Wunused-parameter -Wvla -Wclobbered -Wmissing-parameter-type -Wold-style-declaration -Wpragmas -Wstrict-aliasing=3 -ftree-vrp -Wjump-misses-init -Wdouble-promotion -Wformat=2 -Wtrampolines -Warray-bounds=2 -Wduplicated-cond -Wnull-dereference -fdelete-null-pointer-checks -Wshift-negative-value -Wshift-overflow=2 -Wunused-const-variable -Walloc-zero -Wduplicated-branches -Wformat-truncation=2 -Wimplicit-fallthrough -Wrestrict -Warith-conversion -Wenum-conversion -D_GNU_SOURCE  -o CMakeFiles/cmTC_990e8.dir/CheckSymbolExists.c.o -c /home/vitaliy/scand/build/CMakeFiles/CMakeScratch/TryCompile-VxMrP7/CheckSymbolExists.c
/home/vitaliy/scand/build/CMakeFiles/CMakeScratch/TryCompile-VxMrP7/CheckSymbolExists.c: In function ‘main’:
/home/vitaliy/scand/build/CMakeFiles/CMakeScratch/TryCompile-VxMrP7/CheckSymbolExists.c:8:19: error: ‘LIBRESSL_VERSION_NUMBER’ undeclared (first use in this function); did you mean ‘OPENSSL_VERSION_NUMBER’?
    8 |   return ((int*)(&LIBRESSL_VERSION_NUMBER))[argc];
      |                   ^~~~~~~~~~~~~~~~~~~~~~~
      |                   OPENSSL_VERSION_NUMBER
/home/vitaliy/scand/build/CMakeFiles/CMakeScratch/TryCompile-VxMrP7/CheckSymbolExists.c:8:19: note: each undeclared identifier is reported only once for each function it appears in
/home/vitaliy/scand/build/CMakeFiles/CMakeScratch/TryCompile-VxMrP7/CheckSymbolExists.c:4:14: warning: parameter ‘argc’ set but not used [-Wunused-but-set-parameter]
    4 | int main(int argc, char** argv)
      |          ~~~~^~~~
gmake[1]: *** [CMakeFiles/cmTC_990e8.dir/build.make:78: CMakeFiles/cmTC_990e8.dir/CheckSymbolExists.c.o] Ошибка 1
gmake[1]: выход из каталога «/home/vitaliy/scand/build/CMakeFiles/CMakeScratch/TryCompile-VxMrP7»
gmake: *** [Makefile:127: cmTC_990e8/fast] Ошибка 2


File CheckSymbolExists.c:
/* */
#include <openssl/opensslv.h>

int main(int argc, char** argv)
{
  (void)argv;
#ifndef LIBRESSL_VERSION_NUMBER
  return ((int*)(&LIBRESSL_VERSION_NUMBER))[argc];
#else
  (void)argc;
  return 0;
#endif
}
Determining if the include file sys/filio.h exists failed with the following output:
Change Dir: /home/vitaliy/scand/build/CMakeFiles/CMakeScratch/TryCompile-oZweXF

Run Build Command(s):/usr/bin/gmake -f Makefile cmTC_c2e24/fast && /usr/bin/gmake  -f CMakeFiles/cmTC_c2e24.dir/build.make CMakeFiles/cmTC_c2e24.dir/build
gmake[1]: вход в каталог «/home/vitaliy/scand/build/CMakeFiles/CMakeScratch/TryCompile-oZweXF»
Building C object CMakeFiles/cmTC_c2e24.dir/CheckIncludeFile.c.o
/usr/bin/cc   -Werror-implicit-function-declaration -W -Wall -pedantic -Wbad-function-cast -Wconversion -Wmissing-declarations -Wmissing-prototypes -Wnested-externs -Wno-long-long -Wno-multichar -Wpointer-arith -Wshadow -Wsign-compare -Wundef -Wunused -Wwrite-strings -Waddress -Wattributes -Wcast-align -Wcast-qual -Wdeclaration-after-statement -Wdiv-by-zero -Wempty-body -Wendif-labels -Wfloat-equal -Wformat-security -Wignored-qualifiers -Wmissing-field-initializers -Wmissing-noreturn -Wno-format-nonliteral -Wno-sign-conversion -Wno-system-headers -Wold-style-definition -Wredundant-decls -Wstrict-prototypes -Wtype-limits -Wunreachable-code -Wunused-parameter -Wvla -Wclobbered -Wmissing-parameter-type -Wold-style-declaration -Wpragmas -Wstrict-aliasing=3 -ftree-vrp -Wjump-misses-init -Wdouble-promotion -Wformat=2 -Wtrampolines -Warray-bounds=2 -Wduplicated-cond -Wnull-dereference -fdelete-null-pointer-checks -Wshift-negative-value -Wshift-overflow=2 -Wunused-const-variable -Walloc-zero -Wduplicated-branches -Wformat-truncation=2 -Wimplicit-fallthrough -Wrestrict -Warith-conversion -Wenum-conversion -D_GNU_SOURCE  -o CMakeFiles/cmTC_c2e24.dir/CheckIncludeFile.c.o -c /home/vitaliy/scand/build/CMakeFiles/CMakeScratch/TryCompile-oZweXF/CheckIncludeFile.c
/home/vitaliy/scand/build/CMakeFiles/CMakeScratch/TryCompile-oZweXF/CheckIncludeFile.c:1:10: fatal error: sys/filio.h: Нет такого файла или каталога
    1 | #include <sys/filio.h>
      |          ^~~~~~~~~~~~~
compilation terminated.
gmake[1]: *** [CMakeFiles/cmTC_c2e24.dir/build.make:78: CMakeFiles/cmTC_c2e24.dir/CheckIncludeFile.c.o] Ошибка 1
gmake[1]: выход из каталога «/home/vitaliy/scand/build/CMakeFiles/CMakeScratch/TryCompile-oZweXF»
gmake: *** [Makefile:127: cmTC_c2e24/fast] Ошибка 2



Determining if the include file sys/sockio.h exists failed with the following output:
Change Dir: /home/vitaliy/scand/build/CMakeFiles/CMakeScratch/TryCompile-0hhqqz

Run Build Command(s):/usr/bin/gmake -f Makefile cmTC_b022e/fast && /usr/bin/gmake  -f CMakeFiles/cmTC_b022e.dir/build.make CMakeFiles/cmTC_b022e.dir/build
gmake[1]: вход в каталог «/home/vitaliy/scand/build/CMakeFiles/CMakeScratch/TryCompile-0hhqqz»
Building C object CMakeFiles/cmTC_b022e.dir/CheckIncludeFile.c.o
/usr/bin/cc   -Werror-implicit-function-declaration -W -Wall -pedantic -Wbad-function-cast -Wconversion -Wmissing-declarations -Wmissing-prototypes -Wnested-externs -Wno-long-long -Wno-multichar -Wpointer-arith -Wshadow -Wsign-compare -Wundef -Wunused -Wwrite-strings -Waddress -Wattributes -Wcast-align -Wcast-qual -Wdeclaration-after-statement -Wdiv-by-zero -Wempty-body -Wendif-labels -Wfloat-equal -Wformat-security -Wignored-qualifiers -Wmissing-field-initializers -Wmissing-noreturn -Wno-format-nonliteral -Wno-sign-conversion -Wno-system-headers -Wold-style-definition -Wredundant-decls -Wstrict-prototypes -Wtype-limits -Wunreachable-code -Wunused-parameter -Wvla -Wclobbered -Wmissing-parameter-type -Wold-style-declaration -Wpragmas -Wstrict-aliasing=3 -ftree-vrp -Wjump-misses-init -Wdouble-promotion -Wformat=2 -Wtrampolines -Warray-bounds=2 -Wduplicated-cond -Wnull-dereference -fdelete-null-pointer-checks -Wshift-negative-value -Wshift-overflow=2 -Wunused-const-variable -Walloc-zero -Wduplicated-branches -Wformat-truncation=2 -Wimplicit-fallthrough -Wrestrict -Warith-conversion -Wenum-conversion -D_GNU_SOURCE  -o CMakeFiles/cmTC_b022e.dir/CheckIncludeFile.c.o -c /home/vitaliy/scand/build/CMakeFiles/CMakeScratch/TryCompile-0hhqqz/CheckIncludeFile.c
/home/vitaliy/scand/build/CMakeFiles/CMakeScratch/TryCompile-0hhqqz/CheckIncludeFile.c:1:10: fatal error: sys/sockio.h: Нет такого файла или каталога
    1 | #include <sys/sockio.h>
      |          ^~~~~~~~~~~~~~
compilation terminated.
gmake[1]: *** [CMakeFiles/cmTC_b022e.dir/build.make:78: CMakeFiles/cmTC_b022e.dir/CheckIncludeFile.c.o] Ошибка 1
gmake[1]: выход из каталога «/home/vitaliy/scand/build/CMakeFiles/CMakeScratch/TryCompile-0hhqqz»
gmake: *** [Makefile:127: cmTC_b022e/fast] Ошибка 2



Determining if files sys/select.h;sys/socket.h;sys/time.h;sys/types.h;sys/utime.h exist failed with the following output:
Change Dir: /home/vitaliy/scand/build/CMakeFiles/CMakeScratch/TryCompile-EYryUk

Run Build Command(s):/usr/bin/gmake -f Makefile cmTC_44383/fast && /usr/bin/gmake  -f CMakeFiles/cmTC_44383.dir/build.make CMakeFiles/cmTC_44383.dir/build
gmake[1]: вход в каталог «/home/vitaliy/scand/build/CMakeFiles/CMakeScratch/TryCompile-EYryUk»
Building C object CMakeFiles/cmTC_44383.dir/HAVE_SYS_UTIME_H.c.o
/usr/bin/cc   -Werror-implicit-function-declaration -W -Wall -pedantic -Wbad-function-cast -Wconversion -Wmissing-declarations -Wmissing-prototypes -Wnested-externs -Wno-long-long -Wno-multichar -Wpointer-arith -Wshadow -Wsign-compare -Wundef -Wunused -Wwrite-strings -Waddress -Wattributes -Wcast-align -Wcast-qual -Wdeclaration-after-statement -Wdiv-by-zero -Wempty-body -Wendif-labels -Wfloat-equal -Wformat-security -Wignored-qualifiers -Wmissing-field-initializers -Wmissing-noreturn -Wno-format-nonliteral -Wno-sign-conversion -Wno-system-headers -Wold-style-definition -Wredundant-decls -Wstrict-prototypes -Wtype-limits -Wunreachable-code -Wunused-parameter -Wvla -Wclobbered -Wmissing-parameter-type -Wold-style-declaration -Wpragmas -Wstrict-aliasing=3 -ftree-vrp -Wjump-misses-init -Wdouble-promotion -Wformat=2 -Wtrampolines -Warray-bounds=2 -Wduplicated-cond -Wnull-dereference -fdelete-null-pointer-checks -Wshift-negative-value -Wshift-overflow=2 -Wunused-const-variable -Walloc-zero -Wduplicated-branches -Wformat-truncation=2 -Wimplicit-fallthrough -Wrestrict -Warith-conversion -Wenum-conversion -D_GNU_SOURCE  -o CMakeFiles/cmTC_44383.dir/HAVE_SYS_UTIME_H.c.o -c /home/vitaliy/scand/build/CMakeFiles/CMakeScratch/TryCompile-EYryUk/HAVE_SYS_UTIME_H.c
/home/vitaliy/scand/build/CMakeFiles/CMakeScratch/TryCompile-EYryUk/HAVE_SYS_UTIME_H.c:6:10: fatal error: sys/utime.h: Нет такого файла или каталога
    6 | #include <sys/utime.h>
      |          ^~~~~~~~~~~~~
compilation terminated.
gmake[1]: *** [CMakeFiles/cmTC_44383.dir/build.make:78: CMakeFiles/cmTC_44383.dir/HAVE_SYS_UTIME_H.c.o] Ошибка 1
gmake[1]: выход из каталога «/home/vitaliy/scand/build/CMakeFiles/CMakeScratch/TryCompile-EYryUk»
gmake: *** [Makefile:127: cmTC_44383/fast] Ошибка 2


Source:
/* */
#include <sys/select.h>
#include <sys/socket.h>
#include <sys/time.h>
#include <sys/types.h>
#include <sys/utime.h>


int main(void){return 0;}

Determining if the include file io.h exists failed with the following output:
Change Dir: /home/vitaliy/scand/build/CMakeFiles/CMakeScratch/TryCompile-vIYcKY

Run Build Command(s):/usr/bin/gmake -f Makefile cmTC_27c9b/fast && /usr/bin/gmake  -f CMakeFiles/cmTC_27c9b.dir/build.make CMakeFiles/cmTC_27c9b.dir/build
gmake[1]: вход в каталог «/home/vitaliy/scand/build/CMakeFiles/CMakeScratch/TryCompile-vIYcKY»
Building C object CMakeFiles/cmTC_27c9b.dir/CheckIncludeFile.c.o
/usr/bin/cc   -Werror-implicit-function-declaration -W -Wall -pedantic -Wbad-function-cast -Wconversion -Wmissing-declarations -Wmissing-prototypes -Wnested-externs -Wno-long-long -Wno-multichar -Wpointer-arith -Wshadow -Wsign-compare -Wundef -Wunused -Wwrite-strings -Waddress -Wattributes -Wcast-align -Wcast-qual -Wdeclaration-after-statement -Wdiv-by-zero -Wempty-body -Wendif-labels -Wfloat-equal -Wformat-security -Wignored-qualifiers -Wmissing-field-initializers -Wmissing-noreturn -Wno-format-nonliteral -Wno-sign-conversion -Wno-system-headers -Wold-style-definition -Wredundant-decls -Wstrict-prototypes -Wtype-limits -Wunreachable-code -Wunused-parameter -Wvla -Wclobbered -Wmissing-parameter-type -Wold-style-declaration -Wpragmas -Wstrict-aliasing=3 -ftree-vrp -Wjump-misses-init -Wdouble-promotion -Wformat=2 -Wtrampolines -Warray-bounds=2 -Wduplicated-cond -Wnull-dereference -fdelete-null-pointer-checks -Wshift-negative-value -Wshift-overflow=2 -Wunused-const-variable -Walloc-zero -Wduplicated-branches -Wformat-truncation=2 -Wimplicit-fallthrough -Wrestrict -Warith-conversion -Wenum-conversion -D_GNU_SOURCE  -o CMakeFiles/cmTC_27c9b.dir/CheckIncludeFile.c.o -c /home/vitaliy/scand/build/CMakeFiles/CMakeScratch/TryCompile-vIYcKY/CheckIncludeFile.c
/home/vitaliy/scand/build/CMakeFiles/CMakeScratch/TryCompile-vIYcKY/CheckIncludeFile.c:1:10: fatal error: io.h: Нет такого файла или каталога
    1 | #include <io.h>
      |          ^~~~~~
compilation terminated.
gmake[1]: *** [CMakeFiles/cmTC_27c9b.dir/build.make:78: CMakeFiles/cmTC_27c9b.dir/CheckIncludeFile.c.o] Ошибка 1
gmake[1]: выход из каталога «/home/vitaliy/scand/build/CMakeFiles/CMakeScratch/TryCompile-vIYcKY»
gmake: *** [Makefile:127: cmTC_27c9b/fast] Ошибка 2



Determining if the include file netinet/in6.h exists failed with the following output:
Change Dir: /home/vitaliy/scand/build/CMakeFiles/CMakeScratch/TryCompile-numaI7

Run Build Command(s):/usr/bin/gmake -f Makefile cmTC_cc2e8/fast && /usr/bin/gmake  -f CMakeFiles/cmTC_cc2e8.dir/build.make CMakeFiles/cmTC_cc2e8.dir/build
gmake[1]: вход в каталог «/home/vitaliy/scand/build/CMakeFiles/CMakeScratch/TryCompile-numaI7»
Building C object CMakeFiles/cmTC_cc2e8.dir/CheckIncludeFile.c.o
/usr/bin/cc   -Werror-implicit-function-declaration -W -Wall -pedantic -Wbad-function-cast -Wconversion -Wmissing-declarations -Wmissing-prototypes -Wnested-externs -Wno-long-long -Wno-multichar -Wpointer-arith -Wshadow -Wsign-compare -Wundef -Wunused -Wwrite-strings -Waddress -Wattributes -Wcast-align -Wcast-qual -Wdeclaration-after-statement -Wdiv-by-zero -Wempty-body -Wendif-labels -Wfloat-equal -Wformat-security -Wignored-qualifiers -Wmissing-field-initializers -Wmissing-noreturn -Wno-format-nonliteral -Wno-sign-conversion -Wno-system-headers -Wold-style-definition -Wredundant-decls -Wstrict-prototypes -Wtype-limits -Wunreachable-code -Wunused-parameter -Wvla -Wclobbered -Wmissing-parameter-type -Wold-style-declaration -Wpragmas -Wstrict-aliasing=3 -ftree-vrp -Wjump-misses-init -Wdouble-promotion -Wformat=2 -Wtrampolines -Warray-bounds=2 -Wduplicated-cond -Wnull-dereference -fdelete-null-pointer-checks -Wshift-negative-value -Wshift-overflow=2 -Wunused-const-variable -Walloc-zero -Wduplicated-branches -Wformat-truncation=2 -Wimplicit-fallthrough -Wrestrict -Warith-conversion -Wenum-conversion -D_GNU_SOURCE  -o CMakeFiles/cmTC_cc2e8.dir/CheckIncludeFile.c.o -c /home/vitaliy/scand/build/CMakeFiles/CMakeScratch/TryCompile-numaI7/CheckIncludeFile.c
/home/vitaliy/scand/build/CMakeFiles/CMakeScratch/TryCompile-numaI7/CheckIncludeFile.c:1:10: fatal error: netinet/in6.h: Нет такого файла или каталога
    1 | #include <netinet/in6.h>
      |          ^~~~~~~~~~~~~~~
compilation terminated.
gmake[1]: *** [CMakeFiles/cmTC_cc2e8.dir/build.make:78: CMakeFiles/cmTC_cc2e8.dir/CheckIncludeFile.c.o] Ошибка 1
gmake[1]: выход из каталога «/home/vitaliy/scand/build/CMakeFiles/CMakeScratch/TryCompile-numaI7»
gmake: *** [Makefile:127: cmTC_cc2e8/fast] Ошибка 2



Determining if the include file stropts.h exists failed with the following output:
Change Dir: /home/vitaliy/scand/build/CMakeFiles/CMakeScratch/TryCompile-gCFnRL

Run Build Command(s):/usr/bin/gmake -f Makefile cmTC_b22e2/fast && /usr/bin/gmake  -f CMakeFiles/cmTC_b22e2.dir/build.make CMakeFiles/cmTC_b22e2.dir/build
gmake[1]: вход в каталог «/home/vitaliy/scand/build/CMakeFiles/CMakeScratch/TryCompile-gCFnRL»
Building C object CMakeFiles/cmTC_b22e2.dir/CheckIncludeFile.c.o
/usr/bin/cc   -Werror-implicit-function-declaration -W -Wall -pedantic -Wbad-function-cast -Wconversion -Wmissing-declarations -Wmissing-prototypes -Wnested-externs -Wno-long-long -Wno-multichar -Wpointer-arith -Wshadow -Wsign-compare -Wundef -Wunused -Wwrite-strings -Waddress -Wattributes -Wcast-align -Wcast-qual -Wdeclaration-after-statement -Wdiv-by-zero -Wempty-body -Wendif-labels -Wfloat-equal -Wformat-security -Wignored-qualifiers -Wmissing-field-initializers -Wmissing-noreturn -Wno-format-nonliteral -Wno-sign-conversion -Wno-system-headers -Wold-style-definition -Wredundant-decls -Wstrict-prototypes -Wtype-limits -Wunreachable-code -Wunused-parameter -Wvla -Wclobbered -Wmissing-parameter-type -Wold-style-declaration -Wpragmas -Wstrict-aliasing=3 -ftree-vrp -Wjump-misses-init -Wdouble-promotion -Wformat=2 -Wtrampolines -Warray-bounds=2 -Wduplicated-cond -Wnull-dereference -fdelete-null-pointer-checks -Wshift-negative-value -Wshift-overflow=2 -Wunused-const-variable -Walloc-zero -Wduplicated-branches -Wformat-truncation=2 -Wimplicit-fallthrough -Wrestrict -Warith-conversion -Wenum-conversion -D_GNU_SOURCE  -o CMakeFiles/cmTC_b22e2.dir/CheckIncludeFile.c.o -c /home/vitaliy/scand/build/CMakeFiles/CMakeScratch/TryCompile-gCFnRL/CheckIncludeFile.c
/home/vitaliy/scand/build/CMakeFiles/CMakeScratch/TryCompile-gCFnRL/CheckIncludeFile.c:1:10: fatal error: stropts.h: Нет такого файла или каталога
    1 | #include <stropts.h>
      |          ^~~~~~~~~~~
compilation terminated.
gmake[1]: *** [CMakeFiles/cmTC_b22e2.dir/build.make:78: CMakeFiles/cmTC_b22e2.dir/CheckIncludeFile.c.o] Ошибка 1
gmake[1]: выход из каталога «/home/vitaliy/scand/build/CMakeFiles/CMakeScratch/TryCompile-gCFnRL»
gmake: *** [Makefile:127: cmTC_b22e2/fast] Ошибка 2



Determining size of __int64 failed with the following output:
Change Dir: /home/vitaliy/scand/build/CMakeFiles/CMakeScratch/TryCompile-pMX4Ls

Run Build Command(s):/usr/bin/gmake -f Makefile cmTC_10130/fast && /usr/bin/gmake  -f CMakeFiles/cmTC_10130.dir/build.make CMakeFiles/cmTC_10130.dir/build
gmake[1]: вход в каталог «/home/vitaliy/scand/build/CMakeFiles/CMakeScratch/TryCompile-pMX4Ls»
Building C object CMakeFiles/cmTC_10130.dir/SIZEOF___INT64.c.o
/usr/bin/cc   -Werror-implicit-function-declaration -W -Wall -pedantic -Wbad-function-cast -Wconversion -Wmissing-declarations -Wmissing-prototypes -Wnested-externs -Wno-long-long -Wno-multichar -Wpointer-arith -Wshadow -Wsign-compare -Wundef -Wunused -Wwrite-strings -Waddress -Wattributes -Wcast-align -Wcast-qual -Wdeclaration-after-statement -Wdiv-by-zero -Wempty-body -Wendif-labels -Wfloat-equal -Wformat-security -Wignored-qualifiers -Wmissing-field-initializers -Wmissing-noreturn -Wno-format-nonliteral -Wno-sign-conversion -Wno-system-headers -Wold-style-definition -Wredundant-decls -Wstrict-prototypes -Wtype-limits -Wunreachable-code -Wunused-parameter -Wvla -Wclobbered -Wmissing-parameter-type -Wold-style-declaration -Wpragmas -Wstrict-aliasing=3 -ftree-vrp -Wjump-misses-init -Wdouble-promotion -Wformat=2 -Wtrampolines -Warray-bounds=2 -Wduplicated-cond -Wnull-dereference -fdelete-null-pointer-checks -Wshift-negative-value -Wshift-overflow=2 -Wunused-const-variable -Walloc-zero -Wduplicated-branches -Wformat-truncation=2 -Wimplicit-fallthrough -Wrestrict -Warith-conversion -Wenum-conversion -D_GNU_SOURCE  -o CMakeFiles/cmTC_10130.dir/SIZEOF___INT64.c.o -c /home/vitaliy/scand/build/CMakeFiles/CMakeScratch/TryCompile-pMX4Ls/SIZEOF___INT64.c
/home/vitaliy/scand/build/CMakeFiles/CMakeScratch/TryCompile-pMX4Ls/SIZEOF___INT64.c:27:22: error: ‘__int64’ undeclared here (not in a function); did you mean ‘__int64_t’?
   27 | #define SIZE (sizeof(__int64))
      |                      ^~~~~~~
/home/vitaliy/scand/build/CMakeFiles/CMakeScratch/TryCompile-pMX4Ls/SIZEOF___INT64.c:29:12: note: in expansion of macro ‘SIZE’
   29 |   ('0' + ((SIZE / 10000)%10)),
      |            ^~~~
gmake[1]: *** [CMakeFiles/cmTC_10130.dir/build.make:78: CMakeFiles/cmTC_10130.dir/SIZEOF___INT64.c.o] Ошибка 1
gmake[1]: выход из каталога «/home/vitaliy/scand/build/CMakeFiles/CMakeScratch/TryCompile-pMX4Ls»
gmake: *** [Makefile:127: cmTC_10130/fast] Ошибка 2


SIZEOF___INT64.c:
#include <sys/types.h>
#include <stdint.h>
#include <stddef.h>


#undef KEY
#if defined(__i386)
# define KEY '_','_','i','3','8','6'
#elif defined(__x86_64)
# define KEY '_','_','x','8','6','_','6','4'
#elif defined(__PPC64__)
# define KEY '_','_','P','P','C','6','4','_','_'
#elif defined(__ppc64__)
# define KEY '_','_','p','p','c','6','4','_','_'
#elif defined(__PPC__)
# define KEY '_','_','P','P','C','_','_'
#elif defined(__ppc__)
# define KEY '_','_','p','p','c','_','_'
#elif defined(__aarch64__)
# define KEY '_','_','a','a','r','c','h','6','4','_','_'
#elif defined(__ARM_ARCH_7A__)
# define KEY '_','_','A','R','M','_','A','R','C','H','_','7','A','_','_'
#elif defined(__ARM_ARCH_7S__)
# define KEY '_','_','A','R','M','_','A','R','C','H','_','7','S','_','_'
#endif

#define SIZE (sizeof(__int64))
static char info_size[] =  {'I', 'N', 'F', 'O', ':', 's','i','z','e','[',
  ('0' + ((SIZE / 10000)%10)),
  ('0' + ((SIZE / 1000)%10)),
  ('0' + ((SIZE / 100)%10)),
  ('0' + ((SIZE / 10)%10)),
  ('0' +  (SIZE    % 10)),
  ']',
#ifdef KEY
  ' ','k','e','y','[', KEY, ']',
#endif
  '\0'};

#ifdef __CLASSIC_C__
int main(argc, argv) int argc; char *argv[];
#else
int main(int argc, char *argv[])
#endif
{
  int require = 0;
  require += info_size[argc];
  (void)argv;
  return require;
}


Determining if the closesocket exist failed with the following output:
Change Dir: /home/vitaliy/scand/build/CMakeFiles/CMakeScratch/TryCompile-YhInBH

Run Build Command(s):/usr/bin/gmake -f Makefile cmTC_043d4/fast && /usr/bin/gmake  -f CMakeFiles/cmTC_043d4.dir/build.make CMakeFiles/cmTC_043d4.dir/build
gmake[1]: вход в каталог «/home/vitaliy/scand/build/CMakeFiles/CMakeScratch/TryCompile-YhInBH»
Building C object CMakeFiles/cmTC_043d4.dir/CheckSymbolExists.c.o
/usr/bin/cc   -Werror-implicit-function-declaration -W -Wall -pedantic -Wbad-function-cast -Wconversion -Wmissing-declarations -Wmissing-prototypes -Wnested-externs -Wno-long-long -Wno-multichar -Wpointer-arith -Wshadow -Wsign-compare -Wundef -Wunused -Wwrite-strings -Waddress -Wattributes -Wcast-align -Wcast-qual -Wdeclaration-after-statement -Wdiv-by-zero -Wempty-body -Wendif-labels -Wfloat-equal -Wformat-security -Wignored-qualifiers -Wmissing-field-initializers -Wmissing-noreturn -Wno-format-nonliteral -Wno-sign-conversion -Wno-system-headers -Wold-style-definition -Wredundant-decls -Wstrict-prototypes -Wtype-limits -Wunreachable-code -Wunused-parameter -Wvla -Wclobbered -Wmissing-parameter-type -Wold-style-declaration -Wpragmas -Wstrict-aliasing=3 -ftree-vrp -Wjump-misses-init -Wdouble-promotion -Wformat=2 -Wtrampolines -Warray-bounds=2 -Wduplicated-cond -Wnull-dereference -fdelete-null-pointer-checks -Wshift-negative-value -Wshift-overflow=2 -Wunused-const-variable -Walloc-zero -Wduplicated-branches -Wformat-truncation=2 -Wimplicit-fallthrough -Wrestrict -Warith-conversion -Wenum-conversion -D_GNU_SOURCE  -o CMakeFiles/cmTC_043d4.dir/CheckSymbolExists.c.o -c /home/vitaliy/scand/build/CMakeFiles/CMakeScratch/TryCompile-YhInBH/CheckSymbolExists.c
/home/vitaliy/scand/build/CMakeFiles/CMakeScratch/TryCompile-YhInBH/CheckSymbolExists.c: In function ‘main’:
/home/vitaliy/scand/build/CMakeFiles/CMakeScratch/TryCompile-YhInBH/CheckSymbolExists.c:20:19: error: ‘closesocket’ undeclared (first use in this function)
   20 |   return ((int*)(&closesocket))[argc];
      |                   ^~~~~~~~~~~
/home/vitaliy/scand/build/CMakeFiles/CMakeScratch/TryCompile-YhInBH/CheckSymbolExists.c:20:19: note: each undeclared identifier is reported only once for each function it appears in
/home/vitaliy/scand/build/CMakeFiles/CMakeScratch/TryCompile-YhInBH/CheckSymbolExists.c:16:14: warning: parameter ‘argc’ set but not used [-Wunused-but-set-parameter]
   16 | int main(int argc, char** argv)
      |          ~~~~^~~~
gmake[1]: *** [CMakeFiles/cmTC_043d4.dir/build.make:78: CMakeFiles/cmTC_043d4.dir/CheckSymbolExists.c.o] Ошибка 1
gmake[1]: выход из каталога «/home/vitaliy/scand/build/CMakeFiles/CMakeScratch/TryCompile-YhInBH»
gmake: *** [Makefile:127: cmTC_043d4/fast] Ошибка 2


File CheckSymbolExists.c:
/* */
#include <sys/select.h>
#include <sys/socket.h>
#include <sys/time.h>
#include <sys/types.h>
#include <arpa/inet.h>
#include <ifaddrs.h>
#include <libgen.h>
#include <net/if.h>
#include <netdb.h>
#include <netinet/in.h>
#include <netinet/tcp.h>
#include <netinet/udp.h>
#include <unistd.h>

int main(int argc, char** argv)
{
  (void)argv;
#ifndef closesocket
  return ((int*)(&closesocket))[argc];
#else
  (void)argc;
  return 0;
#endif
}
Determining if the function getpass_r exists failed with the following output:
Change Dir: /home/vitaliy/scand/build/CMakeFiles/CMakeScratch/TryCompile-Woqaug

Run Build Command(s):/usr/bin/gmake -f Makefile cmTC_589eb/fast && /usr/bin/gmake  -f CMakeFiles/cmTC_589eb.dir/build.make CMakeFiles/cmTC_589eb.dir/build
gmake[1]: вход в каталог «/home/vitaliy/scand/build/CMakeFiles/CMakeScratch/TryCompile-Woqaug»
Building C object CMakeFiles/cmTC_589eb.dir/CheckFunctionExists.c.o
/usr/bin/cc   -Werror-implicit-function-declaration -W -Wall -pedantic -Wbad-function-cast -Wconversion -Wmissing-declarations -Wmissing-prototypes -Wnested-externs -Wno-long-long -Wno-multichar -Wpointer-arith -Wshadow -Wsign-compare -Wundef -Wunused -Wwrite-strings -Waddress -Wattributes -Wcast-align -Wcast-qual -Wdeclaration-after-statement -Wdiv-by-zero -Wempty-body -Wendif-labels -Wfloat-equal -Wformat-security -Wignored-qualifiers -Wmissing-field-initializers -Wmissing-noreturn -Wno-format-nonliteral -Wno-sign-conversion -Wno-system-headers -Wold-style-definition -Wredundant-decls -Wstrict-prototypes -Wtype-limits -Wunreachable-code -Wunused-parameter -Wvla -Wclobbered -Wmissing-parameter-type -Wold-style-declaration -Wpragmas -Wstrict-aliasing=3 -ftree-vrp -Wjump-misses-init -Wdouble-promotion -Wformat=2 -Wtrampolines -Warray-bounds=2 -Wduplicated-cond -Wnull-dereference -fdelete-null-pointer-checks -Wshift-negative-value -Wshift-overflow=2 -Wunused-const-variable -Walloc-zero -Wduplicated-branches -Wformat-truncation=2 -Wimplicit-fallthrough -Wrestrict -Warith-conversion -Wenum-conversion -D_GNU_SOURCE -DCHECK_FUNCTION_EXISTS=getpass_r -o CMakeFiles/cmTC_589eb.dir/CheckFunctionExists.c.o -c /home/vitaliy/scand/build/CMakeFiles/CMakeScratch/TryCompile-Woqaug/CheckFunctionExists.c
Linking C executable cmTC_589eb
/usr/bin/cmake -E cmake_link_script CMakeFiles/cmTC_589eb.dir/link.txt --verbose=1
/usr/bin/cc  -Werror-implicit-function-declaration -W -Wall -pedantic -Wbad-function-cast -Wconversion -Wmissing-declarations -Wmissing-prototypes -Wnested-externs -Wno-long-long -Wno-multichar -Wpointer-arith -Wshadow -Wsign-compare -Wundef -Wunused -Wwrite-strings -Waddress -Wattributes -Wcast-align -Wcast-qual -Wdeclaration-after-statement -Wdiv-by-zero -Wempty-body -Wendif-labels -Wfloat-equal -Wformat-security -Wignored-qualifiers -Wmissing-field-initializers -Wmissing-noreturn -Wno-format-nonliteral -Wno-sign-conversion -Wno-system-headers -Wold-style-definition -Wredundant-decls -Wstrict-prototypes -Wtype-limits -Wunreachable-code -Wunused-parameter -Wvla -Wclobbered -Wmissing-parameter-type -Wold-style-declaration -Wpragmas -Wstrict-aliasing=3 -ftree-vrp -Wjump-misses-init -Wdouble-promotion -Wformat=2 -Wtrampolines -Warray-bounds=2 -Wduplicated-cond -Wnull-dereference -fdelete-null-pointer-checks -Wshift-negative-value -Wshift-overflow=2 -Wunused-const-variable -Walloc-zero -Wduplicated-branches -Wformat-truncation=2 -Wimplicit-fallthrough -Wrestrict -Warith-conversion -Wenum-conversion -D_GNU_SOURCE -DCHECK_FUNCTION_EXISTS=getpass_r CMakeFiles/cmTC_589eb.dir/CheckFunctionExists.c.o -o cmTC_589eb 
/usr/bin/ld: CMakeFiles/cmTC_589eb.dir/CheckFunctionExists.c.o: в функции «main»:
CheckFunctionExists.c:(.text+0x10): неопределённая ссылка на «getpass_r»
collect2: error: ld returned 1 exit status
gmake[1]: *** [CMakeFiles/cmTC_589eb.dir/build.make:99: cmTC_589eb] Ошибка 1
gmake[1]: выход из каталога «/home/vitaliy/scand/build/CMakeFiles/CMakeScratch/TryCompile-Woqaug»
gmake: *** [Makefile:127: cmTC_589eb/fast] Ошибка 2



Determining if the stricmp exist failed with the following output:
Change Dir: /home/vitaliy/scand/build/CMakeFiles/CMakeScratch/TryCompile-bSU6J2

Run Build Command(s):/usr/bin/gmake -f Makefile cmTC_e9e61/fast && /usr/bin/gmake  -f CMakeFiles/cmTC_e9e61.dir/build.make CMakeFiles/cmTC_e9e61.dir/build
gmake[1]: вход в каталог «/home/vitaliy/scand/build/CMakeFiles/CMakeScratch/TryCompile-bSU6J2»
Building C object CMakeFiles/cmTC_e9e61.dir/CheckSymbolExists.c.o
/usr/bin/cc   -Werror-implicit-function-declaration -W -Wall -pedantic -Wbad-function-cast -Wconversion -Wmissing-declarations -Wmissing-prototypes -Wnested-externs -Wno-long-long -Wno-multichar -Wpointer-arith -Wshadow -Wsign-compare -Wundef -Wunused -Wwrite-strings -Waddress -Wattributes -Wcast-align -Wcast-qual -Wdeclaration-after-statement -Wdiv-by-zero -Wempty-body -Wendif-labels -Wfloat-equal -Wformat-security -Wignored-qualifiers -Wmissing-field-initializers -Wmissing-noreturn -Wno-format-nonliteral -Wno-sign-conversion -Wno-system-headers -Wold-style-definition -Wredundant-decls -Wstrict-prototypes -Wtype-limits -Wunreachable-code -Wunused-parameter -Wvla -Wclobbered -Wmissing-parameter-type -Wold-style-declaration -Wpragmas -Wstrict-aliasing=3 -ftree-vrp -Wjump-misses-init -Wdouble-promotion -Wformat=2 -Wtrampolines -Warray-bounds=2 -Wduplicated-cond -Wnull-dereference -fdelete-null-pointer-checks -Wshift-negative-value -Wshift-overflow=2 -Wunused-const-variable -Walloc-zero -Wduplicated-branches -Wformat-truncation=2 -Wimplicit-fallthrough -Wrestrict -Warith-conversion -Wenum-conversion -D_GNU_SOURCE  -o CMakeFiles/cmTC_e9e61.dir/CheckSymbolExists.c.o -c /home/vitaliy/scand/build/CMakeFiles/CMakeScratch/TryCompile-bSU6J2/CheckSymbolExists.c
/home/vitaliy/scand/build/CMakeFiles/CMakeScratch/TryCompile-bSU6J2/CheckSymbolExists.c: In function ‘main’:
/home/vitaliy/scand/build/CMakeFiles/CMakeScratch/TryCompile-bSU6J2/CheckSymbolExists.c:8:19: error: ‘stricmp’ undeclared (first use in this function); did you mean ‘strncmp’?
    8 |   return ((int*)(&stricmp))[argc];
      |                   ^~~~~~~
      |                   strncmp
/home/vitaliy/scand/build/CMakeFiles/CMakeScratch/TryCompile-bSU6J2/CheckSymbolExists.c:8:19: note: each undeclared identifier is reported only once for each function it appears in
/home/vitaliy/scand/build/CMakeFiles/CMakeScratch/TryCompile-bSU6J2/CheckSymbolExists.c:4:14: warning: parameter ‘argc’ set but not used [-Wunused-but-set-parameter]
    4 | int main(int argc, char** argv)
      |          ~~~~^~~~
gmake[1]: *** [CMakeFiles/cmTC_e9e61.dir/build.make:78: CMakeFiles/cmTC_e9e61.dir/CheckSymbolExists.c.o] Ошибка 1
gmake[1]: выход из каталога «/home/vitaliy/scand/build/CMakeFiles/CMakeScratch/TryCompile-bSU6J2»
gmake: *** [Makefile:127: cmTC_e9e61/fast] Ошибка 2


File CheckSymbolExists.c:
/* */
#include <string.h>

int main(int argc, char** argv)
{
  (void)argv;
#ifndef stricmp
  return ((int*)(&stricmp))[argc];
#else
  (void)argc;
  return 0;
#endif
}
Determining if the strcmpi exist failed with the following output:
Change Dir: /home/vitaliy/scand/build/CMakeFiles/CMakeScratch/TryCompile-AnsWxB

Run Build Command(s):/usr/bin/gmake -f Makefile cmTC_cdba5/fast && /usr/bin/gmake  -f CMakeFiles/cmTC_cdba5.dir/build.make CMakeFiles/cmTC_cdba5.dir/build
gmake[1]: вход в каталог «/home/vitaliy/scand/build/CMakeFiles/CMakeScratch/TryCompile-AnsWxB»
Building C object CMakeFiles/cmTC_cdba5.dir/CheckSymbolExists.c.o
/usr/bin/cc   -Werror-implicit-function-declaration -W -Wall -pedantic -Wbad-function-cast -Wconversion -Wmissing-declarations -Wmissing-prototypes -Wnested-externs -Wno-long-long -Wno-multichar -Wpointer-arith -Wshadow -Wsign-compare -Wundef -Wunused -Wwrite-strings -Waddress -Wattributes -Wcast-align -Wcast-qual -Wdeclaration-after-statement -Wdiv-by-zero -Wempty-body -Wendif-labels -Wfloat-equal -Wformat-security -Wignored-qualifiers -Wmissing-field-initializers -Wmissing-noreturn -Wno-format-nonliteral -Wno-sign-conversion -Wno-system-headers -Wold-style-definition -Wredundant-decls -Wstrict-prototypes -Wtype-limits -Wunreachable-code -Wunused-parameter -Wvla -Wclobbered -Wmissing-parameter-type -Wold-style-declaration -Wpragmas -Wstrict-aliasing=3 -ftree-vrp -Wjump-misses-init -Wdouble-promotion -Wformat=2 -Wtrampolines -Warray-bounds=2 -Wduplicated-cond -Wnull-dereference -fdelete-null-pointer-checks -Wshift-negative-value -Wshift-overflow=2 -Wunused-const-variable -Walloc-zero -Wduplicated-branches -Wformat-truncation=2 -Wimplicit-fallthrough -Wrestrict -Warith-conversion -Wenum-conversion -D_GNU_SOURCE  -o CMakeFiles/cmTC_cdba5.dir/CheckSymbolExists.c.o -c /home/vitaliy/scand/build/CMakeFiles/CMakeScratch/TryCompile-AnsWxB/CheckSymbolExists.c
/home/vitaliy/scand/build/CMakeFiles/CMakeScratch/TryCompile-AnsWxB/CheckSymbolExists.c: In function ‘main’:
/home/vitaliy/scand/build/CMakeFiles/CMakeScratch/TryCompile-AnsWxB/CheckSymbolExists.c:8:19: error: ‘strcmpi’ undeclared (first use in this function); did you mean ‘strcmp’?
    8 |   return ((int*)(&strcmpi))[argc];
      |                   ^~~~~~~
      |                   strcmp
/home/vitaliy/scand/build/CMakeFiles/CMakeScratch/TryCompile-AnsWxB/CheckSymbolExists.c:8:19: note: each undeclared identifier is reported only once for each function it appears in
/home/vitaliy/scand/build/CMakeFiles/CMakeScratch/TryCompile-AnsWxB/CheckSymbolExists.c:4:14: warning: parameter ‘argc’ set but not used [-Wunused-but-set-parameter]
    4 | int main(int argc, char** argv)
      |          ~~~~^~~~
gmake[1]: *** [CMakeFiles/cmTC_cdba5.dir/build.make:78: CMakeFiles/cmTC_cdba5.dir/CheckSymbolExists.c.o] Ошибка 1
gmake[1]: выход из каталога «/home/vitaliy/scand/build/CMakeFiles/CMakeScratch/TryCompile-AnsWxB»
gmake: *** [Makefile:127: cmTC_cdba5/fast] Ошибка 2


File CheckSymbolExists.c:
/* */
#include <string.h>

int main(int argc, char** argv)
{
  (void)argv;
#ifndef strcmpi
  return ((int*)(&strcmpi))[argc];
#else
  (void)argc;
  return 0;
#endif
}
Determining if the function setmode exists failed with the following output:
Change Dir: /home/vitaliy/scand/build/CMakeFiles/CMakeScratch/TryCompile-OHJTrw

Run Build Command(s):/usr/bin/gmake -f Makefile cmTC_f6c32/fast && /usr/bin/gmake  -f CMakeFiles/cmTC_f6c32.dir/build.make CMakeFiles/cmTC_f6c32.dir/build
gmake[1]: вход в каталог «/home/vitaliy/scand/build/CMakeFiles/CMakeScratch/TryCompile-OHJTrw»
Building C object CMakeFiles/cmTC_f6c32.dir/CheckFunctionExists.c.o
/usr/bin/cc   -Werror-implicit-function-declaration -W -Wall -pedantic -Wbad-function-cast -Wconversion -Wmissing-declarations -Wmissing-prototypes -Wnested-externs -Wno-long-long -Wno-multichar -Wpointer-arith -Wshadow -Wsign-compare -Wundef -Wunused -Wwrite-strings -Waddress -Wattributes -Wcast-align -Wcast-qual -Wdeclaration-after-statement -Wdiv-by-zero -Wempty-body -Wendif-labels -Wfloat-equal -Wformat-security -Wignored-qualifiers -Wmissing-field-initializers -Wmissing-noreturn -Wno-format-nonliteral -Wno-sign-conversion -Wno-system-headers -Wold-style-definition -Wredundant-decls -Wstrict-prototypes -Wtype-limits -Wunreachable-code -Wunused-parameter -Wvla -Wclobbered -Wmissing-parameter-type -Wold-style-declaration -Wpragmas -Wstrict-aliasing=3 -ftree-vrp -Wjump-misses-init -Wdouble-promotion -Wformat=2 -Wtrampolines -Warray-bounds=2 -Wduplicated-cond -Wnull-dereference -fdelete-null-pointer-checks -Wshift-negative-value -Wshift-overflow=2 -Wunused-const-variable -Walloc-zero -Wduplicated-branches -Wformat-truncation=2 -Wimplicit-fallthrough -Wrestrict -Warith-conversion -Wenum-conversion -D_GNU_SOURCE -DCHECK_FUNCTION_EXISTS=setmode -o CMakeFiles/cmTC_f6c32.dir/CheckFunctionExists.c.o -c /home/vitaliy/scand/build/CMakeFiles/CMakeScratch/TryCompile-OHJTrw/CheckFunctionExists.c
Linking C executable cmTC_f6c32
/usr/bin/cmake -E cmake_link_script CMakeFiles/cmTC_f6c32.dir/link.txt --verbose=1
/usr/bin/cc  -Werror-implicit-function-declaration -W -Wall -pedantic -Wbad-function-cast -Wconversion -Wmissing-declarations -Wmissing-prototypes -Wnested-externs -Wno-long-long -Wno-multichar -Wpointer-arith -Wshadow -Wsign-compare -Wundef -Wunused -Wwrite-strings -Waddress -Wattributes -Wcast-align -Wcast-qual -Wdeclaration-after-statement -Wdiv-by-zero -Wempty-body -Wendif-labels -Wfloat-equal -Wformat-security -Wignored-qualifiers -Wmissing-field-initializers -Wmissing-noreturn -Wno-format-nonliteral -Wno-sign-conversion -Wno-system-headers -Wold-style-definition -Wredundant-decls -Wstrict-prototypes -Wtype-limits -Wunreachable-code -Wunused-parameter -Wvla -Wclobbered -Wmissing-parameter-type -Wold-style-declaration -Wpragmas -Wstrict-aliasing=3 -ftree-vrp -Wjump-misses-init -Wdouble-promotion -Wformat=2 -Wtrampolines -Warray-bounds=2 -Wduplicated-cond -Wnull-dereference -fdelete-null-pointer-checks -Wshift-negative-value -Wshift-overflow=2 -Wunused-const-variable -Walloc-zero -Wduplicated-branches -Wformat-truncation=2 -Wimplicit-fallthrough -Wrestrict -Warith-conversion -Wenum-conversion -D_GNU_SOURCE -DCHECK_FUNCTION_EXISTS=setmode CMakeFiles/cmTC_f6c32.dir/CheckFunctionExists.c.o -o cmTC_f6c32 
/usr/bin/ld: CMakeFiles/cmTC_f6c32.dir/CheckFunctionExists.c.o: в функции «main»:
CheckFunctionExists.c:(.text+0x10): неопределённая ссылка на «setmode»
collect2: error: ld returned 1 exit status
gmake[1]: *** [CMakeFiles/cmTC_f6c32.dir/build.make:99: cmTC_f6c32] Ошибка 1
gmake[1]: выход из каталога «/home/vitaliy/scand/build/CMakeFiles/CMakeScratch/TryCompile-OHJTrw»
gmake: *** [Makefile:127: cmTC_f6c32/fast] Ошибка 2



Performing C SOURCE FILE Test HAVE_TIME_T_UNSIGNED failed with the following compile output:
Change Dir: /home/vitaliy/scand/build/CMakeFiles/CMakeScratch/TryCompile-NOHowk

Run Build Command(s):/usr/bin/gmake -f Makefile cmTC_27620/fast && /usr/bin/gmake  -f CMakeFiles/cmTC_27620.dir/build.make CMakeFiles/cmTC_27620.dir/build
gmake[1]: вход в каталог «/home/vitaliy/scand/build/CMakeFiles/CMakeScratch/TryCompile-NOHowk»
Building C object CMakeFiles/cmTC_27620.dir/src.c.o
/usr/bin/cc -DHAVE_TIME_T_UNSIGNED  -Werror-implicit-function-declaration -W -Wall -pedantic -Wbad-function-cast -Wconversion -Wmissing-declarations -Wmissing-prototypes -Wnested-externs -Wno-long-long -Wno-multichar -Wpointer-arith -Wshadow -Wsign-compare -Wundef -Wunused -Wwrite-strings -Waddress -Wattributes -Wcast-align -Wcast-qual -Wdeclaration-after-statement -Wdiv-by-zero -Wempty-body -Wendif-labels -Wfloat-equal -Wformat-security -Wignored-qualifiers -Wmissing-field-initializers -Wmissing-noreturn -Wno-format-nonliteral -Wno-sign-conversion -Wno-system-headers -Wold-style-definition -Wredundant-decls -Wstrict-prototypes -Wtype-limits -Wunreachable-code -Wunused-parameter -Wvla -Wclobbered -Wmissing-parameter-type -Wold-style-declaration -Wpragmas -Wstrict-aliasing=3 -ftree-vrp -Wjump-misses-init -Wdouble-promotion -Wformat=2 -Wtrampolines -Warray-bounds=2 -Wduplicated-cond -Wnull-dereference -fdelete-null-pointer-checks -Wshift-negative-value -Wshift-overflow=2 -Wunused-const-variable -Walloc-zero -Wduplicated-branches -Wformat-truncation=2 -Wimplicit-fallthrough -Wrestrict -Warith-conversion -Wenum-conversion -D_GNU_SOURCE  -o CMakeFiles/cmTC_27620.dir/src.c.o -c /home/vitaliy/scand/build/CMakeFiles/CMakeScratch/TryCompile-NOHowk/src.c
Linking C executable cmTC_27620
/usr/bin/cmake -E cmake_link_script CMakeFiles/cmTC_27620.dir/link.txt --verbose=1
/usr/bin/cc  -Werror-implicit-function-declaration -W -Wall -pedantic -Wbad-function-cast -Wconversion -Wmissing-declarations -Wmissing-prototypes -Wnested-externs -Wno-long-long -Wno-multichar -Wpointer-arith -Wshadow -Wsign-compare -Wundef -Wunused -Wwrite-strings -Waddress -Wattributes -Wcast-align -Wcast-qual -Wdeclaration-after-statement -Wdiv-by-zero -Wempty-body -Wendif-labels -Wfloat-equal -Wformat-security -Wignored-qualifiers -Wmissing-field-initializers -Wmissing-noreturn -Wno-format-nonliteral -Wno-sign-conversion -Wno-system-headers -Wold-style-definition -Wredundant-decls -Wstrict-prototypes -Wtype-limits -Wunreachable-code -Wunused-parameter -Wvla -Wclobbered -Wmissing-parameter-type -Wold-style-declaration -Wpragmas -Wstrict-aliasing=3 -ftree-vrp -Wjump-misses-init -Wdouble-promotion -Wformat=2 -Wtrampolines -Warray-bounds=2 -Wduplicated-cond -Wnull-dereference -fdelete-null-pointer-checks -Wshift-negative-value -Wshift-overflow=2 -Wunused-const-variable -Walloc-zero -Wduplicated-branches -Wformat-truncation=2 -Wimplicit-fallthrough -Wrestrict -Warith-conversion -Wenum-conversion -D_GNU_SOURCE  CMakeFiles/cmTC_27620.dir/src.c.o -o cmTC_27620 
gmake[1]: выход из каталога «/home/vitaliy/scand/build/CMakeFiles/CMakeScratch/TryCompile-NOHowk»


...and run output:

Return value: 1
Source file was:

    #include <time.h>
    int main(void) {
      time_t t = -1;
      return t < 0;
    }

